0: 1
1: 5(1)1
total weight: 1
----
0: 2
1: 10(2)23
total weight: 23
----
0: 33
1: 214(33)1
total weight: 1
----
