0: 0
1: 1(0)4 3(0)2 4(0)8 5(0)3
2: 6(1)5 8(4)7 9(5)1
3: 7(6)11 10(8)6
total weight: 47
----
0: 11
1: 12(11)2
total weight: 2
----
